// Jest Snapshot v1, https://goo.gl/fbAQLP

exports[`MainPage should match snapshot 1`] = `
<DocumentFragment>
  <div
    class="solution-container"
  >
    <table>
      <tbody>
        <tr>
          <th>
            customerId
          </th>
          <th>
            totalPoints
          </th>
        </tr>
      </tbody>
    </table>
  </div>
</DocumentFragment>
`;
